// Jest Snapshot v1, https://goo.gl/fbAQLP

exports[`ReduxPractice Component should shallow render 1`] = `
<div
  className="ReduxPractice"
/>
`;
